// Jest Snapshot v1, https://goo.gl/fbAQLP

exports[`Pruebas en HeroScreen should mostrar el redirect si no hay argumentos en el URL 1`] = `""`;
