// Jest Snapshot v1, https://goo.gl/fbAQLP

exports[`Pruebas en AppRouter should mostart el login si no estoy autenticado 1`] = `
<div>
  <div
    className="container mt-5"
  >
    <h1>
      Login
    </h1>
    <button
      className="btn btn-primary"
      onClick={[Function]}
    >
      Login
    </button>
  </div>
</div>
`;
